2025-01-22 07:27:26 Loading main app package /usr/lib/obsidian/obsidian.asar
2025-01-22 07:27:26 Checking for update using Github
2025-01-22 07:27:26 Success.
2025-01-22 07:27:26 Latest version is 1.7.7
2025-01-22 07:27:26 App is up to date.
2025-01-22 07:27:36 Loading main app package /usr/lib/obsidian/obsidian.asar
2025-01-22 07:27:36 Checking for update using Github
2025-01-22 07:27:36 Success.
2025-01-22 07:27:36 Latest version is 1.7.7
2025-01-22 07:27:36 App is up to date.
2025-01-22 07:27:59 Loading main app package /usr/lib/obsidian/obsidian.asar
2025-01-22 07:27:59 Checking for update using Github
2025-01-22 07:28:03 Loading main app package /usr/lib/obsidian/obsidian.asar
2025-01-22 07:28:03 Checking for update using Github
2025-01-22 07:29:22 Loading main app package /usr/lib/obsidian/obsidian.asar
2025-01-22 07:29:22 Checking for update using Github
2025-01-22 07:29:24 Loading main app package /usr/lib/obsidian/obsidian.asar
2025-01-22 07:29:25 Checking for update using Github
2025-01-22 07:29:58 Loading main app package /usr/lib/obsidian/obsidian.asar
2025-01-22 07:29:58 Checking for update using Github
2025-01-22 07:30:05 Loading main app package /usr/lib/obsidian/obsidian.asar
2025-01-22 07:30:05 Checking for update using Github
2025-01-22 07:30:30 Loading main app package /usr/lib/obsidian/obsidian.asar
2025-01-22 07:30:30 Checking for update using Github
2025-01-22 07:30:34 Loading main app package /usr/lib/obsidian/obsidian.asar
2025-01-22 07:30:34 Checking for update using Github
2025-01-22 07:31:41 Loading main app package /usr/lib/obsidian/obsidian.asar
2025-01-22 07:31:41 Checking for update using Github
2025-01-22 07:32:36 Loading main app package /usr/lib/obsidian/obsidian.asar
2025-01-22 07:32:36 Checking for update using Github
2025-01-22 07:32:40 Loading main app package /usr/lib/obsidian/obsidian.asar
2025-01-22 07:32:40 Checking for update using Github
2025-01-22 07:32:41 Loading main app package /usr/lib/obsidian/obsidian.asar
2025-01-22 07:32:41 Checking for update using Github
2025-01-22 07:32:42 Loading main app package /usr/lib/obsidian/obsidian.asar
2025-01-22 07:32:42 Checking for update using Github
2025-01-22 07:33:32 Loading main app package /usr/lib/obsidian/obsidian.asar
2025-01-22 07:33:32 Checking for update using Github
2025-01-22 08:27:36 Checking for update using Github
2025-01-22 08:27:36 Success.
2025-01-22 08:27:36 Latest version is 1.7.7
2025-01-22 08:27:36 App is up to date.
2025-01-22 09:27:36 Checking for update using Github
2025-01-22 09:27:36 Success.
2025-01-22 09:27:36 Latest version is 1.7.7
2025-01-22 09:27:36 App is up to date.
2025-01-22 10:27:37 Checking for update using Github
2025-01-22 10:27:37 Success.
2025-01-22 10:27:37 Latest version is 1.7.7
2025-01-22 10:27:37 App is up to date.
2025-01-22 11:27:37 Checking for update using Github
2025-01-22 11:27:37 Success.
2025-01-22 11:27:37 Latest version is 1.7.7
2025-01-22 11:27:37 App is up to date.
2025-01-22 12:27:37 Checking for update using Github
2025-01-22 12:27:37 Success.
2025-01-22 12:27:37 Latest version is 1.7.7
2025-01-22 12:27:37 App is up to date.
2025-01-22 13:27:37 Checking for update using Github
2025-01-22 13:27:37 Success.
2025-01-22 13:27:37 Latest version is 1.7.7
2025-01-22 13:27:37 App is up to date.
2025-01-22 14:27:37 Checking for update using Github
2025-01-22 14:27:37 Success.
2025-01-22 14:27:37 Latest version is 1.7.7
2025-01-22 14:27:37 App is up to date.
2025-01-22 15:27:37 Checking for update using Github
2025-01-22 15:27:37 Success.
2025-01-22 15:27:37 Latest version is 1.7.7
2025-01-22 15:27:37 App is up to date.
2025-01-22 16:27:37 Checking for update using Github
2025-01-22 16:27:37 Success.
2025-01-22 16:27:37 Latest version is 1.7.7
2025-01-22 16:27:37 App is up to date.
2025-01-22 17:27:37 Checking for update using Github
2025-01-22 17:27:37 Success.
2025-01-22 17:27:37 Latest version is 1.7.7
2025-01-22 17:27:37 App is up to date.
2025-01-22 18:27:37 Checking for update using Github
2025-01-22 18:27:37 Success.
2025-01-22 18:27:37 Latest version is 1.7.7
2025-01-22 18:27:37 App is up to date.
2025-01-22 19:27:37 Checking for update using Github
2025-01-22 19:27:37 Success.
2025-01-22 19:27:37 Latest version is 1.7.7
2025-01-22 19:27:37 App is up to date.
2025-01-22 20:27:37 Checking for update using Github
2025-01-22 20:27:37 Success.
2025-01-22 20:27:37 Latest version is 1.7.7
2025-01-22 20:27:37 App is up to date.
2025-01-22 21:27:38 Checking for update using Github
2025-01-22 21:27:38 Success.
2025-01-22 21:27:38 Latest version is 1.7.7
2025-01-22 21:27:38 App is up to date.
2025-01-22 22:27:38 Checking for update using Github
2025-01-22 22:27:38 Success.
2025-01-22 22:27:38 Latest version is 1.7.7
2025-01-22 22:27:38 App is up to date.
2025-01-22 23:27:38 Checking for update using Github
2025-01-22 23:27:38 Success.
2025-01-22 23:27:38 Latest version is 1.7.7
2025-01-22 23:27:38 App is up to date.
2025-01-23 00:27:38 Checking for update using Github
2025-01-23 00:27:38 Success.
2025-01-23 00:27:38 Latest version is 1.7.7
2025-01-23 00:27:38 App is up to date.
2025-01-23 01:27:38 Checking for update using Github
2025-01-23 01:27:38 Success.
2025-01-23 01:27:38 Latest version is 1.7.7
2025-01-23 01:27:38 App is up to date.
2025-01-23 02:27:38 Checking for update using Github
2025-01-23 02:27:38 Success.
2025-01-23 02:27:38 Latest version is 1.7.7
2025-01-23 02:27:38 App is up to date.
2025-01-23 03:27:38 Checking for update using Github
2025-01-23 03:27:38 Success.
2025-01-23 03:27:38 Latest version is 1.7.7
2025-01-23 03:27:38 App is up to date.
2025-01-23 04:27:38 Checking for update using Github
2025-01-23 04:27:38 Success.
2025-01-23 04:27:38 Latest version is 1.7.7
2025-01-23 04:27:38 App is up to date.
2025-01-23 05:27:38 Checking for update using Github
2025-01-23 05:27:38 Success.
2025-01-23 05:27:38 Latest version is 1.7.7
2025-01-23 05:27:38 App is up to date.
2025-02-12 07:03:34 Loading main app package /usr/lib/obsidian/obsidian.asar
2025-02-12 07:03:34 Checking for update using Github
2025-02-12 07:03:34 Success.
2025-02-12 07:03:34 Latest version is 1.8.4
2025-02-12 07:03:34 Downloading update from https://github.com/obsidianmd/obsidian-releases/releases/download/v1.8.4/obsidian-1.8.4.asar.gz
2025-02-12 07:03:37 Verifying hash & signature. Size= 8123782
2025-02-12 07:03:37 Saving file
2025-02-12 07:03:37 Update complete.
2025-02-12 07:22:49 Loading updated app package /home/tommy/.config/obsidian/obsidian-1.8.4.asar
2025-02-12 07:22:49 Checking for update using Github
2025-02-12 07:22:49 Success.
2025-02-12 07:22:49 Latest version is 1.8.4
2025-02-12 07:22:49 App is up to date.
2025-02-12 07:23:48 Loading updated app package /home/tommy/.config/obsidian/obsidian-1.8.4.asar
2025-02-12 07:23:48 Checking for update using Github
2025-02-12 07:23:48 Success.
2025-02-12 07:23:48 Latest version is 1.8.4
2025-02-12 07:23:48 App is up to date.
2025-02-12 07:24:53 Loading updated app package /home/tommy/.config/obsidian/obsidian-1.8.4.asar
2025-02-12 07:24:54 Checking for update using Github
2025-02-12 07:24:54 Success.
2025-02-12 07:24:54 Latest version is 1.8.4
2025-02-12 07:24:54 App is up to date.
2025-02-14 08:59:08 Loading updated app package /home/tommy/.config/obsidian/obsidian-1.8.4.asar
2025-02-14 08:59:08 Checking for update using Github
2025-02-14 08:59:08 Success.
2025-02-14 08:59:08 Latest version is 1.8.4
2025-02-14 08:59:08 App is up to date.
2025-02-14 08:59:24 Loading updated app package /home/tommy/.config/obsidian/obsidian-1.8.4.asar
2025-02-14 08:59:24 Checking for update using Github
2025-02-14 08:59:24 Success.
2025-02-14 08:59:24 Latest version is 1.8.4
2025-02-14 08:59:24 App is up to date.
2025-02-14 09:59:24 Checking for update using Github
2025-02-14 09:59:24 Success.
2025-02-14 09:59:24 Latest version is 1.8.4
2025-02-14 09:59:24 App is up to date.
2025-02-14 10:59:24 Checking for update using Github
2025-02-14 10:59:24 Success.
2025-02-14 10:59:24 Latest version is 1.8.4
2025-02-14 10:59:24 App is up to date.
2025-02-14 11:59:24 Checking for update using Github
2025-02-14 11:59:24 Success.
2025-02-14 11:59:24 Latest version is 1.8.4
2025-02-14 11:59:24 App is up to date.
2025-02-14 12:59:24 Checking for update using Github
2025-02-14 12:59:24 Success.
2025-02-14 12:59:24 Latest version is 1.8.4
2025-02-14 12:59:24 App is up to date.
2025-02-14 13:59:24 Checking for update using Github
2025-02-14 13:59:24 Success.
2025-02-14 13:59:24 Latest version is 1.8.4
2025-02-14 13:59:24 App is up to date.
2025-02-14 14:59:24 Checking for update using Github
2025-02-14 14:59:24 Success.
2025-02-14 14:59:24 Latest version is 1.8.4
2025-02-14 14:59:24 App is up to date.
2025-02-14 15:59:24 Checking for update using Github
2025-02-14 15:59:24 Success.
2025-02-14 15:59:24 Latest version is 1.8.4
2025-02-14 15:59:24 App is up to date.
2025-02-14 16:59:24 Checking for update using Github
2025-02-14 16:59:24 Success.
2025-02-14 16:59:24 Latest version is 1.8.4
2025-02-14 16:59:24 App is up to date.
2025-02-14 17:59:24 Checking for update using Github
2025-02-14 17:59:24 Success.
2025-02-14 17:59:24 Latest version is 1.8.4
2025-02-14 17:59:24 App is up to date.
2025-02-14 18:59:24 Checking for update using Github
2025-02-14 18:59:24 Success.
2025-02-14 18:59:24 Latest version is 1.8.4
2025-02-14 18:59:24 App is up to date.
2025-02-14 19:59:24 Checking for update using Github
2025-02-14 19:59:24 Success.
2025-02-14 19:59:24 Latest version is 1.8.4
2025-02-14 19:59:24 App is up to date.
2025-02-14 20:59:24 Checking for update using Github
2025-02-14 20:59:24 Success.
2025-02-14 20:59:24 Latest version is 1.8.4
2025-02-14 20:59:24 App is up to date.
2025-02-14 21:59:24 Checking for update using Github
2025-02-14 21:59:25 Success.
2025-02-14 21:59:25 Latest version is 1.8.4
2025-02-14 21:59:25 App is up to date.
2025-02-14 22:59:25 Checking for update using Github
2025-02-14 22:59:25 Success.
2025-02-14 22:59:25 Latest version is 1.8.4
2025-02-14 22:59:25 App is up to date.
2025-02-14 23:59:25 Checking for update using Github
2025-02-14 23:59:25 Success.
2025-02-14 23:59:25 Latest version is 1.8.4
2025-02-14 23:59:25 App is up to date.
2025-02-15 00:59:25 Checking for update using Github
2025-02-15 00:59:25 Success.
2025-02-15 00:59:25 Latest version is 1.8.4
2025-02-15 00:59:25 App is up to date.
2025-02-15 01:59:25 Checking for update using Github
2025-02-15 01:59:25 Success.
2025-02-15 01:59:25 Latest version is 1.8.4
2025-02-15 01:59:25 App is up to date.
2025-02-15 02:59:25 Checking for update using Github
2025-02-15 02:59:25 Success.
2025-02-15 02:59:25 Latest version is 1.8.4
2025-02-15 02:59:25 App is up to date.
2025-02-15 03:59:25 Checking for update using Github
2025-02-15 03:59:25 Success.
2025-02-15 03:59:25 Latest version is 1.8.4
2025-02-15 03:59:25 App is up to date.
2025-02-15 04:59:25 Checking for update using Github
2025-02-15 04:59:25 Success.
2025-02-15 04:59:25 Latest version is 1.8.4
2025-02-15 04:59:25 App is up to date.
2025-02-15 05:59:25 Checking for update using Github
2025-02-15 05:59:25 Success.
2025-02-15 05:59:25 Latest version is 1.8.4
2025-02-15 05:59:25 App is up to date.
2025-02-15 06:59:25 Checking for update using Github
2025-02-15 06:59:25 Success.
2025-02-15 06:59:25 Latest version is 1.8.4
2025-02-15 06:59:25 App is up to date.
2025-02-15 07:59:25 Checking for update using Github
2025-02-15 07:59:25 Success.
2025-02-15 07:59:25 Latest version is 1.8.4
2025-02-15 07:59:25 App is up to date.
2025-02-15 08:59:25 Checking for update using Github
2025-02-15 08:59:25 Success.
2025-02-15 08:59:25 Latest version is 1.8.4
2025-02-15 08:59:25 App is up to date.
2025-02-15 09:59:25 Checking for update using Github
2025-02-15 09:59:25 Success.
2025-02-15 09:59:25 Latest version is 1.8.4
2025-02-15 09:59:25 App is up to date.
2025-02-15 10:59:25 Checking for update using Github
2025-02-15 10:59:25 Success.
2025-02-15 10:59:25 Latest version is 1.8.4
2025-02-15 10:59:25 App is up to date.
2025-02-15 11:59:25 Checking for update using Github
2025-02-15 11:59:25 Success.
2025-02-15 11:59:25 Latest version is 1.8.4
2025-02-15 11:59:25 App is up to date.
2025-02-15 12:59:25 Checking for update using Github
2025-02-15 12:59:25 Success.
2025-02-15 12:59:25 Latest version is 1.8.4
2025-02-15 12:59:25 App is up to date.
2025-02-15 13:59:25 Checking for update using Github
2025-02-15 13:59:25 Success.
2025-02-15 13:59:25 Latest version is 1.8.4
2025-02-15 13:59:25 App is up to date.
2025-02-15 14:59:25 Checking for update using Github
2025-02-15 14:59:25 Success.
2025-02-15 14:59:25 Latest version is 1.8.4
2025-02-15 14:59:25 App is up to date.
2025-02-15 15:59:25 Checking for update using Github
2025-02-15 15:59:26 Success.
2025-02-15 15:59:26 Latest version is 1.8.4
2025-02-15 15:59:26 App is up to date.
2025-02-15 16:59:26 Checking for update using Github
2025-02-15 16:59:26 Success.
2025-02-15 16:59:26 Latest version is 1.8.4
2025-02-15 16:59:26 App is up to date.
2025-02-15 17:59:26 Checking for update using Github
2025-02-15 17:59:26 Success.
2025-02-15 17:59:26 Latest version is 1.8.4
2025-02-15 17:59:26 App is up to date.
2025-02-15 18:59:26 Checking for update using Github
2025-02-15 18:59:26 Success.
2025-02-15 18:59:26 Latest version is 1.8.4
2025-02-15 18:59:26 App is up to date.
2025-02-15 19:59:26 Checking for update using Github
2025-02-15 19:59:26 Success.
2025-02-15 19:59:26 Latest version is 1.8.4
2025-02-15 19:59:26 App is up to date.
2025-02-15 20:59:26 Checking for update using Github
2025-02-15 20:59:26 Success.
2025-02-15 20:59:26 Latest version is 1.8.4
2025-02-15 20:59:26 App is up to date.
2025-02-15 21:59:26 Checking for update using Github
2025-02-15 21:59:26 Success.
2025-02-15 21:59:26 Latest version is 1.8.4
2025-02-15 21:59:26 App is up to date.
2025-02-15 22:59:26 Checking for update using Github
2025-02-15 22:59:26 Success.
2025-02-15 22:59:26 Latest version is 1.8.4
2025-02-15 22:59:26 App is up to date.
2025-02-15 23:59:26 Checking for update using Github
2025-02-15 23:59:26 Success.
2025-02-15 23:59:26 Latest version is 1.8.4
2025-02-15 23:59:26 App is up to date.
2025-02-16 00:59:26 Checking for update using Github
2025-02-16 00:59:26 Success.
2025-02-16 00:59:26 Latest version is 1.8.4
2025-02-16 00:59:26 App is up to date.
2025-02-16 01:59:26 Checking for update using Github
2025-02-16 01:59:26 Success.
2025-02-16 01:59:26 Latest version is 1.8.4
2025-02-16 01:59:26 App is up to date.
2025-02-16 02:59:26 Checking for update using Github
2025-02-16 02:59:26 Success.
2025-02-16 02:59:26 Latest version is 1.8.4
2025-02-16 02:59:26 App is up to date.
2025-02-16 03:59:26 Checking for update using Github
2025-02-16 03:59:26 Success.
2025-02-16 03:59:26 Latest version is 1.8.4
2025-02-16 03:59:26 App is up to date.
2025-02-16 04:59:26 Checking for update using Github
2025-02-16 04:59:26 Success.
2025-02-16 04:59:26 Latest version is 1.8.4
2025-02-16 04:59:26 App is up to date.
2025-02-16 05:59:26 Checking for update using Github
2025-02-16 05:59:27 Success.
2025-02-16 05:59:27 Latest version is 1.8.4
2025-02-16 05:59:27 App is up to date.
2025-02-16 06:59:27 Checking for update using Github
2025-02-16 06:59:27 Success.
2025-02-16 06:59:27 Latest version is 1.8.4
2025-02-16 06:59:27 App is up to date.
2025-02-16 07:59:27 Checking for update using Github
2025-02-16 07:59:27 Success.
2025-02-16 07:59:27 Latest version is 1.8.4
2025-02-16 07:59:27 App is up to date.
2025-02-16 08:59:27 Checking for update using Github
2025-02-16 08:59:27 Success.
2025-02-16 08:59:27 Latest version is 1.8.4
2025-02-16 08:59:27 App is up to date.
2025-02-16 09:59:27 Checking for update using Github
2025-02-16 09:59:27 Success.
2025-02-16 09:59:27 Latest version is 1.8.4
2025-02-16 09:59:27 App is up to date.
2025-02-16 10:59:27 Checking for update using Github
2025-02-16 10:59:27 Success.
2025-02-16 10:59:27 Latest version is 1.8.4
2025-02-16 10:59:27 App is up to date.
2025-02-16 11:59:27 Checking for update using Github
2025-02-16 11:59:27 Success.
2025-02-16 11:59:27 Latest version is 1.8.4
2025-02-16 11:59:27 App is up to date.
2025-02-16 12:59:27 Checking for update using Github
2025-02-16 12:59:27 Success.
2025-02-16 12:59:27 Latest version is 1.8.4
2025-02-16 12:59:27 App is up to date.
2025-02-16 13:59:27 Checking for update using Github
2025-02-16 13:59:27 Success.
2025-02-16 13:59:27 Latest version is 1.8.4
2025-02-16 13:59:27 App is up to date.
2025-02-16 14:59:27 Checking for update using Github
2025-02-16 14:59:27 Success.
2025-02-16 14:59:27 Latest version is 1.8.4
2025-02-16 14:59:27 App is up to date.
2025-02-16 15:59:27 Checking for update using Github
2025-02-16 15:59:27 Success.
2025-02-16 15:59:27 Latest version is 1.8.4
2025-02-16 15:59:27 App is up to date.
2025-02-16 16:59:27 Checking for update using Github
2025-02-16 16:59:27 Success.
2025-02-16 16:59:27 Latest version is 1.8.4
2025-02-16 16:59:27 App is up to date.
2025-02-16 17:59:27 Checking for update using Github
2025-02-16 17:59:27 Success.
2025-02-16 17:59:27 Latest version is 1.8.4
2025-02-16 17:59:27 App is up to date.
2025-02-16 18:59:27 Checking for update using Github
2025-02-16 18:59:27 Success.
2025-02-16 18:59:27 Latest version is 1.8.4
2025-02-16 18:59:27 App is up to date.
2025-02-16 19:59:27 Checking for update using Github
2025-02-16 19:59:27 Success.
2025-02-16 19:59:27 Latest version is 1.8.4
2025-02-16 19:59:27 App is up to date.
2025-02-16 20:59:27 Checking for update using Github
2025-02-16 20:59:27 Success.
2025-02-16 20:59:27 Latest version is 1.8.4
2025-02-16 20:59:27 App is up to date.
2025-02-16 21:59:27 Checking for update using Github
2025-02-16 21:59:28 Success.
2025-02-16 21:59:28 Latest version is 1.8.4
2025-02-16 21:59:28 App is up to date.
2025-02-16 22:59:27 Checking for update using Github
2025-02-16 22:59:28 Success.
2025-02-16 22:59:28 Latest version is 1.8.4
2025-02-16 22:59:28 App is up to date.
2025-02-16 23:59:28 Checking for update using Github
2025-02-16 23:59:28 Success.
2025-02-16 23:59:28 Latest version is 1.8.4
2025-02-16 23:59:28 App is up to date.
2025-02-17 00:59:28 Checking for update using Github
2025-02-17 00:59:28 Success.
2025-02-17 00:59:28 Latest version is 1.8.4
2025-02-17 00:59:28 App is up to date.
2025-02-17 01:59:28 Checking for update using Github
2025-02-17 01:59:28 Success.
2025-02-17 01:59:28 Latest version is 1.8.4
2025-02-17 01:59:28 App is up to date.
2025-02-17 02:59:28 Checking for update using Github
2025-02-17 02:59:28 Success.
2025-02-17 02:59:28 Latest version is 1.8.4
2025-02-17 02:59:28 App is up to date.
2025-02-17 03:59:28 Checking for update using Github
2025-02-17 03:59:28 Success.
2025-02-17 03:59:28 Latest version is 1.8.4
2025-02-17 03:59:28 App is up to date.
2025-03-17 05:48:05 Loading main app package /usr/lib/obsidian/obsidian.asar
2025-03-17 05:48:05 Checking for update using Github
2025-03-17 05:48:05 Success.
2025-03-17 05:48:05 Latest version is 1.8.9
2025-03-17 05:48:05 App is up to date.
2025-03-17 05:48:14 Loading main app package /usr/lib/obsidian/obsidian.asar
2025-03-17 05:48:14 Checking for update using Github
2025-03-17 05:48:14 Success.
2025-03-17 05:48:14 Latest version is 1.8.9
2025-03-17 05:48:14 App is up to date.
2025-03-17 05:52:21 Loading main app package /usr/lib/obsidian/obsidian.asar
2025-03-17 05:52:21 Checking for update using Github
2025-03-17 05:52:21 Success.
2025-03-17 05:52:21 Latest version is 1.8.9
2025-03-17 05:52:21 App is up to date.
